// Vitest Snapshot v1, https://vitest.dev/guide/snapshot.html

exports[`Checkbox component snapshots > renders Checkbox with custom className 1`] = `<button type="button" role="checkbox" aria-checked="false" data-state="unchecked" value="on" class="peer h-4 w-4 shrink-0 rounded-sm border border-primary ring-offset-background focus-visible:outline-none focus-visible:ring-2 focus-visible:ring-ring focus-visible:ring-offset-2 disabled:cursor-not-allowed disabled:opacity-50 data-[state=checked]:bg-primary data-[state=checked]:text-primary-foreground custom-class"></button>`;

exports[`Checkbox component snapshots > renders Checkbox with default props 1`] = `<button type="button" role="checkbox" aria-checked="false" data-state="unchecked" value="on" class="peer h-4 w-4 shrink-0 rounded-sm border border-primary ring-offset-background focus-visible:outline-none focus-visible:ring-2 focus-visible:ring-ring focus-visible:ring-offset-2 disabled:cursor-not-allowed disabled:opacity-50 data-[state=checked]:bg-primary data-[state=checked]:text-primary-foreground"></button>`;

exports[`Checkbox component snapshots > renders checked Checkbox 1`] = `<button type="button" role="checkbox" aria-checked="true" data-state="checked" value="on" class="peer h-4 w-4 shrink-0 rounded-sm border border-primary ring-offset-background focus-visible:outline-none focus-visible:ring-2 focus-visible:ring-ring focus-visible:ring-offset-2 disabled:cursor-not-allowed disabled:opacity-50 data-[state=checked]:bg-primary data-[state=checked]:text-primary-foreground"><span data-state="checked" class="flex items-center justify-center text-current" style="pointer-events: none;"><svg xmlns="http://www.w3.org/2000/svg" width="24" height="24" viewBox="0 0 24 24" fill="none" stroke="currentColor" stroke-width="2" stroke-linecap="round" stroke-linejoin="round" class="lucide lucide-check h-4 w-4" aria-hidden="true"><path d="M20 6 9 17l-5-5"></path></svg></span></button>`;

exports[`Checkbox component snapshots > renders disabled Checkbox 1`] = `<button type="button" role="checkbox" aria-checked="false" data-state="unchecked" data-disabled="" disabled="" value="on" class="peer h-4 w-4 shrink-0 rounded-sm border border-primary ring-offset-background focus-visible:outline-none focus-visible:ring-2 focus-visible:ring-ring focus-visible:ring-offset-2 disabled:cursor-not-allowed disabled:opacity-50 data-[state=checked]:bg-primary data-[state=checked]:text-primary-foreground"></button>`;
